# serializer version: 1
# name: TestInlineModeSnapshots.test_long_text[asyncio]
  list([
  ])
# ---
# name: TestInlineModeSnapshots.test_mixed_events[asyncio]
  list([
  ])
# ---
# name: TestInlineModeSnapshots.test_nested_subagents[asyncio]
  list([
  ])
# ---
# name: TestInlineModeSnapshots.test_text_stream[asyncio]
  list([
  ])
# ---
# name: TestInlineModeSnapshots.test_thinking_stream[asyncio]
  list([
  ])
# ---
# name: TestInlineModeSnapshots.test_tool_call[asyncio]
  list([
  ])
# ---
# name: TestInlineModeSnapshots.test_tool_call_error[asyncio]
  list([
  ])
# ---
# name: TestLegacyModeSnapshots.test_text_stream[asyncio]
  list([
  ])
# ---
# name: TestLegacyModeSnapshots.test_tool_call[asyncio]
  list([
  ])
# ---
# name: TestToolBoxModeSnapshots.test_long_text[asyncio]
  list([
  ])
# ---
# name: TestToolBoxModeSnapshots.test_mixed_events[asyncio]
  list([
  ])
# ---
# name: TestToolBoxModeSnapshots.test_nested_subagents[asyncio]
  list([
  ])
# ---
# name: TestToolBoxModeSnapshots.test_text_stream[asyncio]
  list([
  ])
# ---
# name: TestToolBoxModeSnapshots.test_thinking_stream[asyncio]
  list([
  ])
# ---
# name: TestToolBoxModeSnapshots.test_tool_call[asyncio]
  list([
  ])
# ---
# name: TestToolBoxModeSnapshots.test_tool_call_error[asyncio]
  list([
  ])
# ---
# name: TestZedModeSnapshots.test_full_lifecycle[asyncio]
  list([
    dict({
      'field_meta': dict({
        'subagent_session_info': dict({
          'message_start_index': 0,
          'session_id': 'sub_001',
        }),
        'tool_name': 'task',
      }),
      'kind': 'subagent',
      'session_update': 'tool_call',
      'status': 'pending',
      'title': 'researcher: Research task',
      'tool_call_id': '00000000-0000-0000-0000-000000000001',
    }),
  ])
# ---
